// Jest Snapshot v1, https://goo.gl/fbAQLP

exports[`Pruebas del componente <GifItem />  debe hacer match con el snapshot 1`] = `
<div>
  <div
    class="card"
  >
    <img
      alt="Saitama"
      src="https://google.com/"
    />
    <p>
      Saitama
    </p>
  </div>
</div>
`;
